\BOOKMARK [1][-]{section.1}{\376\377\000I\000n\000t\000r\000o\000d\000u\000c\000t\000i\000o\000n}{}% 1
\BOOKMARK [1][-]{section.2}{\376\377\000M\000o\000d\000e\000l\000i\000n\000g\000\040\000A\000p\000p\000r\000o\000a\000c\000h}{}% 2
\BOOKMARK [2][-]{subsection.2.1}{\376\377\000T\000h\000e\000\040\000P\000G\000R\000\040\000M\000o\000d\000e\000l\000\040\000P\000i\000p\000e\000l\000i\000n\000e}{section.2}% 3
\BOOKMARK [2][-]{subsection.2.2}{\376\377\000C\000O\0002\000\040\000S\000c\000e\000n\000a\000r\000i\000o\000\040\000A\000n\000a\000l\000y\000s\000i\000s}{section.2}% 4
\BOOKMARK [2][-]{subsection.2.3}{\376\377\000F\000l\000o\000o\000d\000\040\000W\000a\000l\000l\000\040\000S\000i\000m\000u\000l\000a\000t\000i\000o\000n\000s}{section.2}% 5
\BOOKMARK [1][-]{section.3}{\376\377\000D\000a\000t\000a}{}% 6
\BOOKMARK [2][-]{subsection.3.1}{\376\377\000A\000I\000-\000B\000a\000s\000e\000d\000\040\000G\000e\000o\000l\000o\000c\000a\000t\000i\000o\000n\000\040\000o\000f\000\040\000D\000i\000s\000a\000s\000t\000e\000r\000\040\000E\000v\000e\000n\000t\000s}{section.3}% 7
\BOOKMARK [2][-]{subsection.3.2}{\376\377\000S\000y\000n\000t\000h\000e\000t\000i\000c\000\040\000N\000o\000n\000-\000D\000i\000s\000a\000s\000t\000e\000r\000\040\000P\000o\000i\000n\000t\000s\000\040\000f\000o\000r\000\040\000M\000o\000d\000e\000l\000\040\000T\000r\000a\000i\000n\000i\000n\000g}{section.3}% 8
\BOOKMARK [1][-]{section.4}{\376\377\000B\000a\000s\000e\000l\000i\000n\000e\000\040\000R\000e\000s\000u\000l\000t\000s}{}% 9
\BOOKMARK [2][-]{subsection.4.1}{\376\377\000D\000i\000s\000a\000s\000t\000e\000r\000\040\000F\000r\000e\000q\000u\000e\000n\000c\000y}{section.4}% 10
\BOOKMARK [2][-]{subsection.4.2}{\376\377\000D\000i\000s\000a\000s\000t\000e\000r\000\040\000D\000a\000m\000a\000g\000e\000s}{section.4}% 11
\BOOKMARK [2][-]{subsection.4.3}{\376\377\000D\000a\000m\000a\000g\000e\000\040\000C\000u\000r\000v\000e\000s\000\040\000a\000n\000d\000\040\000R\000e\000t\000u\000r\000n\000\040\000Y\000e\000a\000r\000s}{section.4}% 12
\BOOKMARK [2][-]{subsection.4.4}{\376\377\000G\000e\000o\000s\000p\000a\000t\000i\000a\000l\000\040\000R\000i\000s\000k\000\040\000P\000a\000t\000t\000e\000r\000n\000s}{section.4}% 13
\BOOKMARK [1][-]{section.5}{\376\377\000R\000e\000s\000u\000l\000t\000s\000:\000\040\000C\000O\0002\000\040\000S\000c\000e\000n\000a\000r\000i\000o\000\040\000A\000n\000a\000l\000y\000s\000i\000s}{}% 14
\BOOKMARK [2][-]{subsection.5.1}{\376\377\000I\000m\000p\000a\000c\000t\000\040\000o\000n\000\040\000D\000i\000s\000a\000s\000t\000e\000r\000\040\000F\000r\000e\000q\000u\000e\000n\000c\000y\000\040\000a\000n\000d\000\040\000S\000e\000v\000e\000r\000i\000t\000y}{section.5}% 15
\BOOKMARK [2][-]{subsection.5.2}{\376\377\000I\000m\000p\000a\000c\000t\000\040\000o\000n\000\040\000R\000e\000t\000u\000r\000n\000-\000Y\000e\000a\000r\000\040\000D\000a\000m\000a\000g\000e\000s}{section.5}% 16
\BOOKMARK [1][-]{section.6}{\376\377\000R\000e\000s\000u\000l\000t\000s\000:\000\040\000F\000l\000o\000o\000d\000\040\000W\000a\000l\000l\000\040\000S\000i\000m\000u\000l\000a\000t\000i\000o\000n\000s}{}% 17
\BOOKMARK [2][-]{subsection.6.1}{\376\377\000C\000i\000t\000y\000\040\000S\000e\000l\000e\000c\000t\000i\000o\000n\000\040\000a\000n\000d\000\040\000B\000a\000s\000e\000l\000i\000n\000e\000\040\000R\000i\000s\000k}{section.6}% 18
\BOOKMARK [2][-]{subsection.6.2}{\376\377\000D\000a\000m\000a\000g\000e\000\040\000R\000e\000d\000u\000c\000t\000i\000o\000n\000\040\000R\000e\000s\000u\000l\000t\000s}{section.6}% 19
\BOOKMARK [1][-]{section.7}{\376\377\000C\000o\000n\000c\000l\000u\000s\000i\000o\000n\000s}{}% 20
