\BOOKMARK [1][-]{section.1}{\376\377\000I\000n\000t\000r\000o\000d\000u\000c\000t\000i\000o\000n}{}% 1
\BOOKMARK [1][-]{section.2}{\376\377\000L\000i\000t\000e\000r\000a\000t\000u\000r\000e\000\040\000R\000e\000v\000i\000e\000w}{}% 2
\BOOKMARK [2][-]{subsection.3}{\376\377\000C\000O\0002\000,\000\040\000c\000l\000i\000m\000a\000t\000e\000\040\000c\000h\000a\000n\000g\000e\000\040\000a\000n\000d\000\040\000d\000i\000s\000a\000s\000t\000e\000r\000s}{section.2}% 3
\BOOKMARK [2][-]{subsection.4}{\376\377\000M\000o\000d\000e\000l\000i\000n\000g\000\040\000n\000a\000t\000u\000r\000a\000l\000\040\000d\000i\000s\000a\000s\000t\000e\000r\000s\000\040\000a\000n\000d\000\040\000d\000a\000m\000a\000g\000e}{section.2}% 4
\BOOKMARK [1][-]{section.5}{\376\377\000M\000o\000d\000e\000l\000i\000n\000g\000\040\000A\000p\000p\000r\000o\000a\000c\000h}{}% 5
\BOOKMARK [2][-]{subsection.6}{\376\377\000G\000e\000n\000e\000r\000a\000l\000\040\000a\000p\000p\000r\000o\000a\000c\000h}{section.5}% 6
\BOOKMARK [2][-]{subsection.11}{\376\377\000U\000n\000d\000e\000r\000l\000y\000i\000n\000g\000\040\000c\000a\000u\000s\000a\000l\000\040\000a\000s\000s\000u\000m\000p\000t\000i\000o\000n\000s}{section.5}% 7
\BOOKMARK [1][-]{section.13}{\376\377\000M\000e\000t\000h\000o\000d\000o\000l\000o\000g\000y}{}% 8
\BOOKMARK [2][-]{subsection.14}{\376\377\000U\000n\000c\000e\000r\000t\000a\000i\000n\000t\000y\000\040\000q\000u\000a\000n\000t\000i\000f\000i\000c\000a\000t\000i\000o\000n}{section.13}% 9
\BOOKMARK [2][-]{subsection.17}{\376\377\000M\000o\000d\000e\000l\000i\000n\000g\000\040\000d\000i\000s\000a\000s\000t\000e\000r\000\040\000f\000r\000e\000q\000u\000e\000n\000c\000y}{section.13}% 10
\BOOKMARK [2][-]{subsection.29}{\376\377\000M\000o\000d\000e\000l\000i\000n\000g\000\040\000d\000i\000s\000a\000s\000t\000e\000r\000\040\000d\000a\000m\000a\000g\000e\000s}{section.13}% 11
\BOOKMARK [2][-]{subsection.30}{\376\377\000M\000o\000d\000e\000l\000i\000n\000g\000\040\000g\000e\000o\000s\000p\000a\000t\000i\000a\000l\000\040\000p\000a\000t\000t\000e\000r\000n\000s\000\040\000o\000f\000\040\000d\000i\000s\000a\000s\000t\000e\000r\000s}{section.13}% 12
\BOOKMARK [2][-]{subsection.42}{\376\377\000M\000o\000d\000e\000l\000i\000n\000g\000\040\000p\000a\000t\000t\000e\000r\000n\000s\000\040\000o\000f\000\040\000c\000l\000i\000m\000a\000t\000e\000\040\000a\000n\000d\000\040\000d\000e\000v\000e\000l\000o\000p\000m\000e\000n\000t\000\040\000i\000n\000d\000i\000c\000a\000t\000o\000r\000s}{section.13}% 13
\BOOKMARK [2][-]{subsection.45}{\376\377\000C\000o\000u\000n\000t\000r\000y\000-\000l\000e\000v\000e\000l\000\040\000d\000a\000m\000a\000g\000e\000\040\000c\000u\000r\000v\000e\000s}{section.13}% 14
\BOOKMARK [2][-]{subsection.65}{\376\377\000G\000e\000o\000l\000o\000c\000a\000t\000e\000d\000\040\000d\000a\000m\000a\000g\000e\000\040\000c\000u\000r\000v\000e\000s}{section.13}% 15
\BOOKMARK [1][-]{section.67}{\376\377\000D\000a\000t\000a}{}% 16
\BOOKMARK [2][-]{subsection.68}{\376\377\000D\000a\000t\000a\000\040\000s\000e\000t\000s\000\040\000s\000u\000m\000m\000a\000r\000y}{section.67}% 17
\BOOKMARK [2][-]{subsection.69}{\376\377\000E\000v\000e\000n\000t\000\040\000f\000r\000e\000q\000u\000e\000n\000c\000y\000\040\000d\000a\000t\000a}{section.67}% 18
\BOOKMARK [2][-]{subsection.73}{\376\377\000D\000i\000s\000a\000s\000t\000e\000r\000\040\000d\000a\000m\000a\000g\000e\000\040\000d\000a\000t\000a}{section.67}% 19
\BOOKMARK [2][-]{subsection.78}{\376\377\000G\000e\000o\000s\000p\000a\000t\000i\000a\000l\000\040\000d\000a\000t\000a}{section.67}% 20
\BOOKMARK [3][-]{subsubsection.82}{\376\377\000L\000o\000c\000a\000l\000\040\000d\000a\000t\000a\000\040\000s\000e\000t\000s\000\040\000f\000o\000r\000\040\000g\000e\000o\000s\000p\000a\000t\000i\000a\000l\000\040\000m\000o\000d\000e\000l\000i\000n\000g}{subsection.78}% 21
\BOOKMARK [2][-]{subsection.85}{\376\377\000R\000e\000s\000u\000l\000t\000\040\000g\000r\000i\000d\000s}{section.67}% 22
\BOOKMARK [2][-]{subsection.87}{\376\377\000C\000l\000i\000m\000a\000t\000e\000\040\000a\000n\000d\000\040\000d\000e\000v\000e\000l\000o\000p\000m\000e\000n\000t\000\040\000t\000i\000m\000e\000\040\000s\000e\000r\000i\000e\000s}{section.67}% 23
\BOOKMARK [1][-]{section.89}{\376\377\000R\000e\000s\000u\000l\000t\000s}{}% 24
\BOOKMARK [2][-]{subsection.90}{\376\377\000T\000i\000m\000e\000\040\000s\000e\000r\000i\000e\000s\000\040\000m\000o\000d\000e\000l\000\040\000r\000e\000s\000u\000l\000t\000s}{section.89}% 25
\BOOKMARK [2][-]{subsection.93}{\376\377\000D\000i\000s\000a\000s\000t\000e\000r\000\040\000f\000r\000e\000q\000u\000e\000n\000c\000y\000\040\000m\000o\000d\000e\000l}{section.89}% 26
\BOOKMARK [2][-]{subsection.98}{\376\377\000D\000a\000m\000a\000g\000e\000s\000\040\000m\000o\000d\000e\000l}{section.89}% 27
\BOOKMARK [2][-]{subsection.101}{\376\377\000C\000o\000u\000n\000t\000r\000y\000\040\000l\000e\000v\000e\000l\000\040\000d\000a\000m\000a\000g\000e\000s\000\040\000c\000u\000r\000v\000e}{section.89}% 28
\BOOKMARK [2][-]{subsection.105}{\376\377\000G\000e\000o\000s\000p\000a\000t\000i\000a\000l\000\040\000p\000a\000t\000t\000e\000r\000n\000s\000\040\000m\000o\000d\000e\000l}{section.89}% 29
\BOOKMARK [3][-]{subsubsection.106}{\376\377\000H\000S\000G\000P\000\040\000m\000o\000d\000e\000l\000i\000n\000g}{subsection.105}% 30
\BOOKMARK [3][-]{subsubsection.109}{\376\377\000F\000u\000l\000l\000\040\000m\000o\000d\000e\000l}{subsection.105}% 31
\BOOKMARK [2][-]{subsection.114}{\376\377\000G\000e\000o\000l\000o\000c\000a\000t\000e\000d\000\040\000r\000e\000t\000u\000r\000n\000\040\000y\000e\000a\000r\000\040\000c\000u\000r\000v\000e\000s}{section.89}% 32
\BOOKMARK [1][-]{section.115}{\376\377\000C\000o\000n\000c\000l\000u\000s\000i\000o\000n\000s}{}% 33
\BOOKMARK [1][-]{appendix.118}{}{}% 34
\BOOKMARK [1][-]{appendix.120}{}{}% 35
