\BOOKMARK [1][-]{section.1}{\376\377\000I\000n\000t\000r\000o\000d\000u\000c\000t\000i\000o\000n}{}% 1
\BOOKMARK [1][-]{section.2}{\376\377\000L\000i\000t\000e\000r\000a\000t\000u\000r\000e\000\040\000R\000e\000v\000i\000e\000w}{}% 2
\BOOKMARK [2][-]{subsection.2.1}{\376\377\000C\000O\0002\000,\000\040\000c\000l\000i\000m\000a\000t\000e\000\040\000c\000h\000a\000n\000g\000e\000\040\000a\000n\000d\000\040\000d\000i\000s\000a\000s\000t\000e\000r\000s}{section.2}% 3
\BOOKMARK [2][-]{subsection.2.2}{\376\377\000M\000o\000d\000e\000l\000i\000n\000g\000\040\000n\000a\000t\000u\000r\000a\000l\000\040\000d\000i\000s\000a\000s\000t\000e\000r\000s\000\040\000a\000n\000d\000\040\000d\000a\000m\000a\000g\000e}{section.2}% 4
\BOOKMARK [1][-]{section.3}{\376\377\000M\000o\000d\000e\000l\000i\000n\000g\000\040\000A\000p\000p\000r\000o\000a\000c\000h}{}% 5
\BOOKMARK [2][-]{subsection.3.1}{\376\377\000G\000e\000n\000e\000r\000a\000l\000\040\000a\000p\000p\000r\000o\000a\000c\000h}{section.3}% 6
\BOOKMARK [2][-]{subsection.3.2}{\376\377\000U\000n\000d\000e\000r\000l\000y\000i\000n\000g\000\040\000c\000a\000u\000s\000a\000l\000\040\000a\000s\000s\000u\000m\000p\000t\000i\000o\000n\000s}{section.3}% 7
\BOOKMARK [1][-]{section.4}{\376\377\000M\000e\000t\000h\000o\000d\000o\000l\000o\000g\000y}{}% 8
\BOOKMARK [2][-]{subsection.4.1}{\376\377\000U\000n\000c\000e\000r\000t\000a\000i\000n\000t\000y\000\040\000q\000u\000a\000n\000t\000i\000f\000i\000c\000a\000t\000i\000o\000n}{section.4}% 9
\BOOKMARK [2][-]{subsection.4.2}{\376\377\000M\000o\000d\000e\000l\000i\000n\000g\000\040\000d\000i\000s\000a\000s\000t\000e\000r\000\040\000f\000r\000e\000q\000u\000e\000n\000c\000y}{section.4}% 10
\BOOKMARK [2][-]{subsection.4.3}{\376\377\000M\000o\000d\000e\000l\000i\000n\000g\000\040\000d\000i\000s\000a\000s\000t\000e\000r\000\040\000d\000a\000m\000a\000g\000e\000s}{section.4}% 11
\BOOKMARK [2][-]{subsection.4.4}{\376\377\000M\000o\000d\000e\000l\000i\000n\000g\000\040\000g\000e\000o\000s\000p\000a\000t\000i\000a\000l\000\040\000p\000a\000t\000t\000e\000r\000n\000s\000\040\000o\000f\000\040\000d\000i\000s\000a\000s\000t\000e\000r\000s}{section.4}% 12
\BOOKMARK [2][-]{subsection.4.5}{\376\377\000M\000o\000d\000e\000l\000i\000n\000g\000\040\000p\000a\000t\000t\000e\000r\000n\000s\000\040\000o\000f\000\040\000c\000l\000i\000m\000a\000t\000e\000\040\000a\000n\000d\000\040\000d\000e\000v\000e\000l\000o\000p\000m\000e\000n\000t\000\040\000i\000n\000d\000i\000c\000a\000t\000o\000r\000s}{section.4}% 13
\BOOKMARK [2][-]{subsection.4.6}{\376\377\000C\000o\000u\000n\000t\000r\000y\000-\000l\000e\000v\000e\000l\000\040\000d\000a\000m\000a\000g\000e\000\040\000c\000u\000r\000v\000e\000s}{section.4}% 14
\BOOKMARK [2][-]{subsection.4.7}{\376\377\000G\000e\000o\000l\000o\000c\000a\000t\000e\000d\000\040\000d\000a\000m\000a\000g\000e\000\040\000c\000u\000r\000v\000e\000s}{section.4}% 15
\BOOKMARK [1][-]{section.5}{\376\377\000D\000a\000t\000a}{}% 16
\BOOKMARK [2][-]{subsection.5.1}{\376\377\000D\000a\000t\000a\000\040\000s\000e\000t\000s\000\040\000s\000u\000m\000m\000a\000r\000y}{section.5}% 17
\BOOKMARK [2][-]{subsection.5.2}{\376\377\000E\000v\000e\000n\000t\000\040\000f\000r\000e\000q\000u\000e\000n\000c\000y\000\040\000d\000a\000t\000a}{section.5}% 18
\BOOKMARK [2][-]{subsection.5.3}{\376\377\000D\000i\000s\000a\000s\000t\000e\000r\000\040\000d\000a\000m\000a\000g\000e\000\040\000d\000a\000t\000a}{section.5}% 19
\BOOKMARK [2][-]{subsection.5.4}{\376\377\000G\000e\000o\000s\000p\000a\000t\000i\000a\000l\000\040\000d\000a\000t\000a}{section.5}% 20
\BOOKMARK [2][-]{subsection.5.5}{\376\377\000R\000e\000s\000u\000l\000t\000\040\000g\000r\000i\000d\000s}{section.5}% 21
\BOOKMARK [2][-]{subsection.5.6}{\376\377\000C\000l\000i\000m\000a\000t\000e\000\040\000a\000n\000d\000\040\000d\000e\000v\000e\000l\000o\000p\000m\000e\000n\000t\000\040\000t\000i\000m\000e\000\040\000s\000e\000r\000i\000e\000s}{section.5}% 22
\BOOKMARK [1][-]{section.6}{\376\377\000R\000e\000s\000u\000l\000t\000s}{}% 23
\BOOKMARK [2][-]{subsection.6.1}{\376\377\000T\000i\000m\000e\000\040\000s\000e\000r\000i\000e\000s\000\040\000m\000o\000d\000e\000l\000\040\000r\000e\000s\000u\000l\000t\000s}{section.6}% 24
\BOOKMARK [2][-]{subsection.6.2}{\376\377\000D\000i\000s\000a\000s\000t\000e\000r\000\040\000f\000r\000e\000q\000u\000e\000n\000c\000y\000\040\000m\000o\000d\000e\000l}{section.6}% 25
\BOOKMARK [2][-]{subsection.6.3}{\376\377\000D\000a\000m\000a\000g\000e\000s\000\040\000m\000o\000d\000e\000l}{section.6}% 26
\BOOKMARK [2][-]{subsection.6.4}{\376\377\000C\000o\000u\000n\000t\000r\000y\000\040\000l\000e\000v\000e\000l\000\040\000d\000a\000m\000a\000g\000e\000s\000\040\000c\000u\000r\000v\000e}{section.6}% 27
\BOOKMARK [2][-]{subsection.6.5}{\376\377\000G\000e\000o\000s\000p\000a\000t\000i\000a\000l\000\040\000p\000a\000t\000t\000e\000r\000n\000s\000\040\000m\000o\000d\000e\000l}{section.6}% 28
\BOOKMARK [2][-]{subsection.6.6}{\376\377\000G\000e\000o\000l\000o\000c\000a\000t\000e\000d\000\040\000r\000e\000t\000u\000r\000n\000\040\000y\000e\000a\000r\000\040\000c\000u\000r\000v\000e\000s}{section.6}% 29
\BOOKMARK [1][-]{section.7}{\376\377\000C\000o\000n\000c\000l\000u\000s\000i\000o\000n\000s}{}% 30
\BOOKMARK [1][-]{section.7}{\376\377\000R\000e\000f\000e\000r\000e\000n\000c\000e\000s}{}% 31
\BOOKMARK [1][-]{appendix.A}{}{}% 32
\BOOKMARK [1][-]{appendix.B}{}{}% 33
